// Jest Snapshot v1, https://goo.gl/fbAQLP

exports[`useFormController should render elements with the correct props an submit the right values 1`] = `
<div>
  <form
    name="mockFormName"
  >
    <div>
      <input
        data-testid="myNoSubmitTextField"
        name="myNoSubmitTextField"
        type="text"
        value="mock no submit text value"
      />
    </div>
    <div>
      <input
        data-testid="mySubmitTextField2"
        name="mySubmitTextField2"
        type="text"
        value="field in a path"
      />
    </div>
    <div>
      <input
        checked=""
        data-testid="myCheckbox"
        name="myCheckbox"
        type="checkbox"
        value="mock checkbox value"
      />
      <input
        data-testid="myCheckbox2"
        name="myCheckbox2"
        type="checkbox"
        value="mock checkbox value 2"
      />
      <input
        checked=""
        data-testid="myCheckbox3"
        name="myCheckbox3"
        type="checkbox"
        value="mock checkbox value 3"
      />
    </div>
    <button
      data-testid="submitButton"
    >
      Submit
    </button>
  </form>
</div>
`;
